login as: darzinowa
darzinowa@213.184.8.36's password:
Access denied
darzinowa@213.184.8.36's password:
Linux bad2 4.10.17-1-pve #1 SMP PVE 4.10.17-16 (Tue, 11 Jul 2017 09:55:44 +0200) x86_64

The programs included with the Debian GNU/Linux system are free software;
the exact distribution terms for each program are described in the
individual files in /usr/share/doc/*/copyright.

Debian GNU/Linux comes with ABSOLUTELY NO WARRANTY, to the extent
permitted by applicable law.
Last login: Wed Oct 23 15:17:04 2024 from 213.184.8.152
darzinowa@bad2:~$ mysql -u darzinowa -p
Enter password:
Welcome to the MySQL monitor.  Commands end with ; or \g.
Your MySQL connection id is 249
Server version: 8.0.22 MySQL Community Server - GPL

Copyright (c) 2000, 2020, Oracle and/or its affiliates. All rights reserved.

Oracle is a registered trademark of Oracle Corporation and/or its
affiliates. Other names may be trademarks of their respective
owners.

Type 'help;' or '\h' for help. Type '\c' to clear the current input statement.

mysql> CREATE TABLE postac (
    -> idpostaci int AUTO_INCREMENT,
    -> nazwa varchar(40),
    -> rodzaj enum('wiking', 'kobieta', 'ptak')
    -> data_ur date,
    -> wiek dec(0,100),
    -> PRIMARY KEY (idpostaci)
    -> );
ERROR 1064 (42000): You have an error in your SQL syntax; check the manual that corresponds to your MySQL server version for the right syntax to use near 'data_ur date,
wiek dec(0,100),
PRIMARY KEY (idpostaci)
)' at line 5
mysql> CREATE TABLE postac ( idpostaci int AUTO_INCREMENT, nazwa varchar(40), rodzaj enum('wiking', 'kobieta', 'ptak') data_ur date, wiek dec(0,100), PRIMARY KEY (idpostaci) );
ERROR 1064 (42000): You have an error in your SQL syntax; check the manual that corresponds to your MySQL server version for the right syntax to use near 'data_ur date, wiek dec(0,100), PRIMARY KEY (idpostaci) )' at line 1
mysql> CREATE TABLE postac (
    -> idpostaci int AUTO_INCREMENT PRIMARY KEY,
    -> nazwa varchar(40),
    -> rodzaj enum('wiking', 'kobieta', 'ptak'),
    -> data_ur date,
    -> wiek dec(0,100),
    -> );
ERROR 1064 (42000): You have an error in your SQL syntax; check the manual that corresponds to your MySQL server version for the right syntax to use near ')' at line 7
mysql> ^C
mysql>  CREATE TABLE postac (
    ->     -> idpostaci int AUTO_INCREMENT PRIMARY KEY,
    ->     -> nazwa varchar(40),
    ->     -> rodzaj enum('wiking', 'kobieta', 'ptak'),
    ->     -> data_ur date,
    ->     -> wiek dec(0,100),
    ->     -> );
ERROR 1064 (42000): You have an error in your SQL syntax; check the manual that corresponds to your MySQL server version for the right syntax to use near '-> idpostaci int AUTO_INCREMENT PRIMARY KEY,
    -> nazwa varchar(40),
    -> ro' at line 2
mysql>  CREATE TABLE postac (
    ->     -> idpostaci int AUTO_INCREMENT PRIMARY KEY,
    ->     -> nazwa varchar(40),
    ->     -> rodzaj enum('wiking', 'kobieta', 'ptak'),
    ->     -> data_ur date,
    ->     -> wiek INT UNSIGNED);
ERROR 1064 (42000): You have an error in your SQL syntax; check the manual that corresponds to your MySQL server version for the right syntax to use near '-> idpostaci int AUTO_INCREMENT PRIMARY KEY,
    -> nazwa varchar(40),
    -> ro' at line 2
mysql>  CREATE TABLE postac (
    ->     -> idpostaci INT AUTO_INCREMENT PRIMARY KEY,
    ->     -> nazwa VARCHAR(40),
    ->     -> rodzaj ENUM('wiking', 'kobieta', 'ptak'),
    ->     -> data_ur DATE,
    ->     -> wiek INT UNSIGNED);
ERROR 1064 (42000): You have an error in your SQL syntax; check the manual that corresponds to your MySQL server version for the right syntax to use near '-> idpostaci INT AUTO_INCREMENT PRIMARY KEY,
    -> nazwa VARCHAR(40),
    -> ro' at line 2
mysql>  CREATE TABLE postac (
    ->     -> idpostaci INT AUTO_INCREMENT PRIMARY KEY,
    ->     -> nazwa VARCHAR(40),
    ->     -> rodzaj ENUM('wiking', 'kobieta', 'ptak'),
    ->     -> data_ur DATE,
    ->     -> wiek INT UNSIGNED);
ERROR 1064 (42000): You have an error in your SQL syntax; check the manual that corresponds to your MySQL server version for the right syntax to use near '-> idpostaci INT AUTO_INCREMENT PRIMARY KEY,
    -> nazwa VARCHAR(40),
    -> ro' at line 2
mysql>  CREATE TABLE postac (idpostaci INT AUTO_INCREMENT PRIMARY KEY,
    -> nazwa VARCHAR(40),
    -> rodzaj ENUM('wiking', 'kobieta', 'ptak'),
    -> data_ur DATE,
    -> wiek INT UNSIGNED);
ERROR 1046 (3D000): No database selected
mysql> use darzinowa
Reading table information for completion of table and column names
You can turn off this feature to get a quicker startup with -A

Database changed
mysql> show tables;
+---------------------+
| Tables_in_darzinowa |
+---------------------+
| pracownik           |
| pracownik1          |
| stanowisko          |
+---------------------+
3 rows in set (0.00 sec)

mysql>  CREATE TABLE postac (idpostaci INT AUTO_INCREMENT PRIMARY KEY,
    -> nazwa VARCHAR(40),
    -> rodzaj ENUM('wiking', 'kobieta', 'ptak'),
    -> data_ur DATE,
    -> wiek INT UNSIGNED);
Query OK, 0 rows affected (0.08 sec)

mysql> show tables;
+---------------------+
| Tables_in_darzinowa |
+---------------------+
| postac              |
| pracownik           |
| pracownik1          |
| stanowisko          |
+---------------------+
4 rows in set (0.00 sec)

mysql> select * from postac;
Empty set (0.20 sec)

mysql> INSERT INTO postac (nazwa, rodzaj, data_ur, wiek)
    -> VALUES ('Bjorn, 'wiking', '2000-12-12', 23);
    '> ;
    '> ^C
mysql> INSERT INTO postac (nazwa, rodzaj, data_ur, wiek)
    -> VALUES ('Bjorn, 'wiking', '2000-12-12', 23);
    '> ^C
mysql> INSERT INTO postac (nazwa, rodzaj, data_ur, wiek) VALUES
    -> ('Bjorn, 'wiking', '2000-12-12', 23);
    '> ^C
mysql> INSERT INTO postac (nazwa, rodzaj, data_ur, wiek) VALUES
    -> ('Bjorn', 'wiking', '2000-12-12', 23);
Query OK, 1 row affected (0.01 sec)

